// Jest Snapshot v1, https://goo.gl/fbAQLP

exports[`<StackedBlock /> Default story renders snapshot 1`] = `
<div>
  <a
    class="clickable-style clickable-style--link clickable-style--brand link--link"
    data-bootstrap-override="clickable-style-link"
  >
    This is a link
  </a>
  <p
    class="text text--body stacked-block__description"
  >
    This is a stacked block description
  </p>
</div>
`;
