// Jest Snapshot v1, https://goo.gl/fbAQLP

exports[`<ClickableStyle /> ClickableStyleAsALabelTag story renders snapshot 1`] = `
<label
  class="button sizeLarge variantFlat colorBrand"
>
  â€‹
  Label
</label>
`;
