// Jest Snapshot v1, https://goo.gl/fbAQLP

exports[`<NotificationList /> Default story renders snapshot 1`] = `
<ul
  class="notification-list"
>
  <li
    class="notification-list__item"
  >
    <div
      class="notification-list__content"
    >
      <div
        class="notification-list__title"
      >
        <a
          class="notification-list__link"
          href="#"
        >
          <h6
            class="heading heading--size-h6"
          >
            English Teacher gave you feedback
          </h6>
        </a>
      </div>
      now
       路 
      Outsiders on Trial: Self Awareness - Trial Brief Outline
    </div>
    <button
      aria-label="Mark as read"
      class="notification-list__button"
    />
  </li>
  <li
    class="notification-list__item"
  >
    <div
      class="notification-list__content"
    >
      <div
        class="notification-list__title"
      >
        <a
          class="notification-list__link"
          href="#"
        >
          <h6
            class="heading heading--size-h6"
          >
            Math Teacher gave you feedback
          </h6>
        </a>
      </div>
      now
       路 
      Unit 3: Measuring Circles - Identifying Circumference and Diameter
    </div>
    <button
      aria-label="Mark as read"
      class="notification-list__button"
    />
  </li>
</ul>
`;

exports[`<NotificationList /> MarkedAsRead story renders snapshot 1`] = `
<ul
  class="notification-list"
>
  <li
    class="notification-list__item"
  >
    <div
      class="notification-list__content"
    >
      <div
        class="notification-list__title"
      >
        <a
          class="notification-list__link"
          href="#"
        >
          <h6
            class="heading heading--size-h6"
          >
            English Teacher gave you feedback
          </h6>
        </a>
      </div>
      now
       路 
      Outsiders on Trial: Self Awareness - Trial Brief Outline
    </div>
    <button
      aria-label="Mark as read"
      class="notification-list__button"
    />
  </li>
  <li
    class="notification-list__item"
  >
    <div
      class="notification-list__content"
    >
      <div
        class="notification-list__title"
      >
        <a
          class="notification-list__link"
          href="#"
        >
          <h6
            class="heading heading--size-h6"
          >
            Math Teacher gave you feedback
          </h6>
        </a>
      </div>
      now
       路 
      Unit 3: Measuring Circles - Identifying Circumference and Diameter
    </div>
    <button
      aria-label="Mark as read"
      class="notification-list__button"
    />
  </li>
</ul>
`;
