// Jest Snapshot v1, https://goo.gl/fbAQLP

exports[`<DropdownButton /> Default story renders snapshot 1`] = `
<button
  class="dropdownButton"
>
  <span>
    Dropdown button
  </span>
  <svg
    aria-hidden="true"
    class="icon"
    fill="currentColor"
    height="1.25rem"
    style="--icon-size: 1.25rem;"
    width="1.25rem"
    xmlns="http://www.w3.org/2000/svg"
  >
    <use
      xlink:href="test-file-stub#expand-more"
    />
  </svg>
</button>
`;
