// Jest Snapshot v1, https://goo.gl/fbAQLP

exports[`<Drawer /> Default story renders snapshot 1`] = `
<div
  aria-hidden="false"
  class="drawer__container drawer__container--is-active"
>
  <article
    aria-describedby="drawer-description-1"
    aria-labelledby="drawer-heading-1"
    aria-modal="true"
    class="drawer"
    role="dialog"
    tabindex="0"
  >
    <header
      class="drawer__header"
    >
      <h2
        class="heading heading--size-h2"
        id="drawer-heading-1"
      >
        Drawer title
      </h2>
      <button
        class="clickable-style clickable-style--lg clickable-style--icon clickable-style--neutral button button--icon"
        type="button"
      >
        <svg
          class="icon"
          fill="currentColor"
          height="1.5rem"
          role="img"
          style="--icon-size: 1.5rem;"
          viewBox="0 0 24 24"
          width="1.5rem"
          xmlns="http://www.w3.org/2000/svg"
        >
          <title>
            Close
          </title>
          <path
            d="M6.4 19L5 17.6L10.6 12L5 6.4L6.4 5L12 10.6L17.6 5L19 6.4L13.4 12L19 17.6L17.6 19L12 13.4L6.4 19Z"
          />
        </svg>
      </button>
    </header>
    <div
      class="drawer__body"
    >
      <div
        class="fpo"
      >
        Drawer body
      </div>
    </div>
    <footer
      class="drawer__footer"
    >
      <div
        class="button-group button-group--spacing-1x"
      >
        <button
          class="clickable-style clickable-style--lg clickable-style--primary clickable-style--brand button button--primary"
          type="button"
        >
          Button 1
        </button>
        <button
          class="clickable-style clickable-style--lg clickable-style--secondary clickable-style--brand button button--secondary"
          type="button"
        >
          Button 2
        </button>
      </div>
    </footer>
  </article>
</div>
`;
