// Jest Snapshot v1, https://goo.gl/fbAQLP

exports[`<Tabs /> Default story renders snapshot 1`] = `
<div
  class="tabs"
>
  <div
    class="tabs__header"
  >
    <ul
      class="tabs__list"
      role="tablist"
    >
      <li
        class="tabs__item eds-is-active"
        role="presentation"
      >
        <a
          aria-controls=":r0:"
          aria-selected="true"
          class="tabs__link"
          href="#:r0:"
          id=":r1:-Tab Title 1"
          role="tab"
          tabindex="0"
        >
          Tab Title 1
        </a>
      </li>
      <li
        class="tabs__item"
        role="presentation"
      >
        <a
          aria-controls=":r0:"
          aria-selected="false"
          class="tabs__link"
          href="#:r0:"
          id=":r1:-Tab Title 2"
          role="tab"
          tabindex="-1"
        >
          Tab Title 2
        </a>
      </li>
      <li
        class="tabs__item"
        role="presentation"
      >
        <a
          aria-controls=":r0:"
          aria-selected="false"
          class="tabs__link"
          href="#:r0:"
          id=":r1:-Tab Title 3"
          role="tab"
          tabindex="-1"
        >
          Tab Title 3
        </a>
      </li>
      <li
        class="tabs__item"
        role="presentation"
      >
        <a
          aria-controls=":r0:"
          aria-selected="false"
          class="tabs__link"
          href="#:r0:"
          id=":r1:-Tab Title 4"
          role="tab"
          tabindex="-1"
        >
          Tab Title 4
        </a>
      </li>
      <li
        class="tabs__item"
        role="presentation"
      >
        <a
          aria-controls=":r0:"
          aria-selected="false"
          class="tabs__link"
          href="#:r0:"
          id=":r1:-Tab Title 5"
          role="tab"
          tabindex="-1"
        >
          Tab Title 5
        </a>
      </li>
      <li
        class="tabs__item"
        role="presentation"
      >
        <a
          aria-controls=":r0:"
          aria-selected="false"
          class="tabs__link"
          href="#:r0:"
          id=":r1:-Tab Title 6"
          role="tab"
          tabindex="-1"
        >
          Tab Title 6
        </a>
      </li>
      <li
        class="tabs__item"
        role="presentation"
      >
        <a
          aria-controls=":r0:"
          aria-selected="false"
          class="tabs__link"
          href="#:r0:"
          id=":r1:-Tab Title 7"
          role="tab"
          tabindex="-1"
        >
          Tab Title 7
        </a>
      </li>
      <li
        class="tabs__item"
        role="presentation"
      >
        <a
          aria-controls=":r0:"
          aria-selected="false"
          class="tabs__link"
          href="#:r0:"
          id=":r1:-Tab Title 8"
          role="tab"
          tabindex="-1"
        >
          Tab Title 8
        </a>
      </li>
      <li
        class="tabs__item"
        role="presentation"
      >
        <a
          aria-controls=":r0:"
          aria-selected="false"
          class="tabs__link"
          href="#:r0:"
          id=":r1:-Tab Title 9"
          role="tab"
          tabindex="-1"
        >
          Tab Title 9
        </a>
      </li>
    </ul>
  </div>
  <div>
    <div
      aria-hidden="false"
      aria-labelledby=":r1:-Tab Title 1"
      id=":r0:"
      role="tabpanel"
    >
      <div
        class="max-w-xl"
      >
        <h3
          class="heading heading--size-h3 mb-6"
        >
          Tab 1
        </h3>
        <p
          class="text text--body"
        >
          Lorem ipsum dolor sit amet, consectetur adipiscing elit, sed do eiusmod tempor incididunt ut labore et dolore magna aliqua. Ut enim ad minim veniam, quis nostrud exercitation ullamco laboris nisi ut aliquip ex
           
        </p>
      </div>
    </div>
  </div>
</div>
`;
