// Jest Snapshot v1, https://goo.gl/fbAQLP

exports[`<ClickableStyleWrapper /> ClickableStyleWrapperAsAnATag story renders snapshot 1`] = `
<a
  class="button sizeMedium variantFlat colorBrand"
>
  â€‹
  ClickableStyleWrapper As An A Tag
</a>
`;
