// Jest Snapshot v1, https://goo.gl/fbAQLP

exports[`<Fieldset /> Default story renders snapshot 1`] = `
<fieldset
  class="fieldset"
>
  <legend
    class="fieldset-legend"
  >
    Legend
     
  </legend>
  <div
    class="fieldset-items"
  >
    <div
      class="checkbox"
    >
      <span
        class="input__wrapper"
      >
        <input
          class="checkbox__input"
          data-bootstrap-override="checkbox"
          id="1"
          style="--checkbox-svg-size: 1.25rem;"
          type="checkbox"
        />
        <svg
          aria-hidden="true"
          height="1.25rem"
          viewBox="0 0 20 20"
          width="1.25rem"
        >
          <rect
            class="checkmark__outline"
            fill="none"
            height="18"
            rx="3"
            stroke="currentColor"
            stroke-width="2"
            width="18"
            x="1"
            y="1"
          />
          <use
            class="checkmark__content"
            fill="none"
            xlink:href="test-file-stub#check"
          />
        </svg>
      </span>
      <label
        class="label label--md"
        data-bootstrap-override="label"
        for="1"
        style="--checkbox-svg-size: 1.25rem;"
      >
        Checkbox label 1
      </label>
    </div>
    <div
      class="checkbox"
    >
      <span
        class="input__wrapper"
      >
        <input
          class="checkbox__input"
          data-bootstrap-override="checkbox"
          id="2"
          style="--checkbox-svg-size: 1.25rem;"
          type="checkbox"
        />
        <svg
          aria-hidden="true"
          height="1.25rem"
          viewBox="0 0 20 20"
          width="1.25rem"
        >
          <rect
            class="checkmark__outline"
            fill="none"
            height="18"
            rx="3"
            stroke="currentColor"
            stroke-width="2"
            width="18"
            x="1"
            y="1"
          />
          <use
            class="checkmark__content"
            fill="none"
            xlink:href="test-file-stub#check"
          />
        </svg>
      </span>
      <label
        class="label label--md"
        data-bootstrap-override="label"
        for="2"
        style="--checkbox-svg-size: 1.25rem;"
      >
        Checkbox label 2
      </label>
    </div>
    <div
      class="checkbox"
    >
      <span
        class="input__wrapper"
      >
        <input
          class="checkbox__input"
          data-bootstrap-override="checkbox"
          id="3"
          style="--checkbox-svg-size: 1.25rem;"
          type="checkbox"
        />
        <svg
          aria-hidden="true"
          height="1.25rem"
          viewBox="0 0 20 20"
          width="1.25rem"
        >
          <rect
            class="checkmark__outline"
            fill="none"
            height="18"
            rx="3"
            stroke="currentColor"
            stroke-width="2"
            width="18"
            x="1"
            y="1"
          />
          <use
            class="checkmark__content"
            fill="none"
            xlink:href="test-file-stub#check"
          />
        </svg>
      </span>
      <label
        class="label label--md"
        data-bootstrap-override="label"
        for="3"
        style="--checkbox-svg-size: 1.25rem;"
      >
        Checkbox label 3
      </label>
    </div>
    <div
      class="checkbox"
    >
      <span
        class="input__wrapper"
      >
        <input
          class="checkbox__input"
          data-bootstrap-override="checkbox"
          id="4"
          style="--checkbox-svg-size: 1.25rem;"
          type="checkbox"
        />
        <svg
          aria-hidden="true"
          height="1.25rem"
          viewBox="0 0 20 20"
          width="1.25rem"
        >
          <rect
            class="checkmark__outline"
            fill="none"
            height="18"
            rx="3"
            stroke="currentColor"
            stroke-width="2"
            width="18"
            x="1"
            y="1"
          />
          <use
            class="checkmark__content"
            fill="none"
            xlink:href="test-file-stub#check"
          />
        </svg>
      </span>
      <label
        class="label label--md"
        data-bootstrap-override="label"
        for="4"
        style="--checkbox-svg-size: 1.25rem;"
      >
        Checkbox label 4
      </label>
    </div>
    <div
      class="checkbox"
    >
      <span
        class="input__wrapper"
      >
        <input
          class="checkbox__input"
          data-bootstrap-override="checkbox"
          id="5"
          style="--checkbox-svg-size: 1.25rem;"
          type="checkbox"
        />
        <svg
          aria-hidden="true"
          height="1.25rem"
          viewBox="0 0 20 20"
          width="1.25rem"
        >
          <rect
            class="checkmark__outline"
            fill="none"
            height="18"
            rx="3"
            stroke="currentColor"
            stroke-width="2"
            width="18"
            x="1"
            y="1"
          />
          <use
            class="checkmark__content"
            fill="none"
            xlink:href="test-file-stub#check"
          />
        </svg>
      </span>
      <label
        class="label label--md"
        data-bootstrap-override="label"
        for="5"
        style="--checkbox-svg-size: 1.25rem;"
      >
        Checkbox label 5
      </label>
    </div>
  </div>
</fieldset>
`;

exports[`<Fieldset /> FieldsetLegends story renders snapshot 1`] = `
<legend
  class="fieldset-legend"
>
  Legend
   
</legend>
`;
