// Jest Snapshot v1, https://goo.gl/fbAQLP

exports[`<Hr /> Default story renders snapshot 1`] = `
<hr
  class="hr w-[384px]"
/>
`;
